// Jest Snapshot v1, https://goo.gl/fbAQLP

exports[`expense list item 1`] = `
<div>
  <p>
    <Link
      to="/edit/1"
    >
      description
    </Link>
  </p>
  <p>
    $1.20
  </p>
  <p>
    January 1st 1970
  </p>
</div>
`;
